--- compose ---
services:
  vault-git-sync:
    build: ./vault-git-sync
    restart: unless-stopped
    env_file:
    - vault-git-sync.env
    volumes:
    - /home/boettcherta/obsidian-vault:/vault
    networks:
    - default
    user: 1000:100
  app:
    image: app:latest
    build:
      context: ./app
      dockerfile: Dockerfile.prod
    networks:
    - default
  foo:
    networks:
    - default
    image: test:latest
    build: ./raw
