--- compose ---
services:
  cadvisor:
    image: gcr.io/cadvisor/cadvisor:latest
    privileged: true
    volumes:
    - /:/rootfs:ro
    - /var/run:/var/run:ro
    - /sys:/sys:ro
    - /var/lib/docker:/var/lib/docker:ro
    - /dev/disk/:/dev/disk:ro
    devices:
    - /dev/kmsg:/dev/kmsg
    security_opt:
      seccomp: unconfined
